=== Validacao E1..E7 de 51 imagens ===
imagem           nF  gnF |  medido   gabar   err% | feridas(classe:area)
------------------------------------------------------------------------------------------
[ 1/51] 10_c1_nn.jpg      1    1 |    11.5     8.5    35% | f:11.5  (ETA 471s)
[ 2/51] 10_c2_nn.jpg      1    1 |    24.2     6.5   273% | f:24.2  (ETA 504s)
[ 3/51] 10_c3_nn.jpg      1    1 |     7.1     6.0    19% | f:7.1  (ETA 474s)
[ 4/51] 10_c4_nn.jpg      1    1 |     3.1     5.0    39% | f:3.1  (ETA 445s)
[ 5/51] 11_c1_nn.jpg      1    2 |     1.6     0.5   228% | f:1.6  (ETA 428s)
[ 6/51] 11_c2_nn.jpg      1    2 |     0.5     0.3    68% | f:0.5  (ETA 411s)
[ 7/51] 11_c3_nn.jpg      1    1 |     0.4     0.1   270% | f:0.4  (ETA 396s)
[ 8/51] 12_3_nn.jpg       1    1 |     0.5     0.1   395% | f:0.5  (ETA 380s)
[ 9/51] 12_c1_nn.jpg      1    1 |     1.2     0.2   515% | f:1.2  (ETA 366s)
[10/51] 12_c2_nn.jpg      1    1 |     1.2     0.1  1087% | f:1.2  (ETA 361s)
[11/51] 1_c1_nn.jpg       1    1 |    18.5    17.0     9% | f:18.5  (ETA 354s)
[12/51] 1_c2_nn.jpg       1    1 |    25.2    22.0    14% | f:25.2  (ETA 347s)
[13/51] 1_c3_nn.jpg       2    2 |    23.0    20.0    15% | f:21.6 f:1.4  (ETA 335s)
[14/51] 2_c1_nn.jpg       1    1 |     0.4     1.0    62% | f:0.4  (ETA 324s)
[15/51] 2_c2_nn.jpg       1    1 |     1.9     1.0    88% | f:1.9  (ETA 314s)
[16/51] 2_c3_nn.jpg       1    1 |     0.2     0.2    33% | f:0.2  (ETA 302s)
[17/51] 2_c4_nn.jpg       1    1 |     2.7     0.8   255% | f:2.7  (ETA 295s)
[18/51] 3_c1_nn.jpg       2    1 |    11.2    16.0    30% | f:5.2 f:6.0  (ETA 284s)
[19/51] 3_c2_nn.jpg       1    1 |    27.0    18.0    50% | f:27.0  (ETA 275s)
[20/51] 3_c3_nn.jpg       1    1 |    19.8    17.5    13% | f:19.8  (ETA 266s)
[21/51] 3_c4_nn.jpg       1    1 |    44.5    16.0   178% | f:44.5  (ETA 259s)
[22/51] 4_c1_nn.jpg       1    1 |     0.7     0.8     9% | f:0.7  (ETA 250s)
[23/51] 4_c2_nn.jpg       1    1 |     0.3     0.8    60% | f:0.3  (ETA 241s)
[24/51] 4_c3_nn.jpg       1    1 |     0.5     0.5     8% | f:0.5  (ETA 231s)
[25/51] 4_c4_nn.jpg       1    1 |     1.7     0.2   565% | f:1.7  (ETA 223s)
[26/51] 5a_c1_nn.jpg      4    2 |    25.2     4.0   529% | f:1.7 f:19.2 f:2.7 f:1.5  (ETA 215s)
[27/51] 5a_c2_nn.jpg      2    2 |     2.7     3.0     9% | f:1.3 f:1.4  (ETA 206s)
[28/51] 5a_c3_nn.jpg      2    2 |    16.1     2.0   704% | f:13.3 f:2.7  (ETA 197s)
[29/51] 5a_c4_nn.jpg      1    2 |     1.1     2.0    45% | f:1.1  (ETA 187s)
[30/51] 5b_c1_nn.jpg      3    3 |    24.4    15.0    63% | f:14.9 f:2.1 f:7.3  (ETA 179s)
[31/51] 5b_c2_nn.jpg      4    3 |    38.3    15.0   155% | f:9.6 f:8.7 f:6.8 f:13.1  (ETA 170s)
[32/51] 5b_c3_nn.jpg      3    3 |    18.2    14.0    30% | f:9.4 f:1.4 f:7.4  (ETA 161s)
[33/51] 5b_c4_nn.jpg      5    3 |    26.6    13.0   105% | f:5.6 f:1.2 f:3.1 f:1.6 f:15.0  (ETA 153s)
[34/51] 6a_c1_nn.jpg      2    2 |    34.2    26.0    31% | f:23.8 f:10.4  (ETA 144s)
[35/51] 6a_c2_nn.jpg      3    2 |    41.4    25.0    66% | f:32.7 f:2.7 f:6.0  (ETA 136s)
[36/51] 6a_c3_nn.jpg      2    2 |    39.4    27.0    46% | f:16.7 f:22.7  (ETA 128s)
[37/51] 6a_c4_nn.jpg      2    2 |    48.2    29.5    63% | f:44.1 f:4.1  (ETA 119s)
[38/51] 6b_c1_nn.jpg      2    1 |   135.3    58.0   133% | f:131.0 f:4.4  (ETA 111s)
[39/51] 6b_c2_nn.jpg      2    2 |   116.9    72.0    62% | f:73.9 f:42.9  (ETA 103s)
[40/51] 6b_c3_nn.jpg      2    1 |   123.8    87.0    42% | f:29.6 f:94.2  (ETA 95s)
[41/51] 6b_c4_nn.jpg      3    1 |   132.1   100.0    32% | f:16.0 f:71.2 f:44.9  (ETA 87s)
[42/51] 7_c1_nn.jpg       1    1 |   154.8   117.0    32% | a:154.8  (ETA 79s)
[43/51] 7_c2_nn.jpg       2    1 |    99.3    88.0    13% | f:11.8 a:87.5  (ETA 70s)
[44/51] 7_c3_nn.jpg       1    1 |   105.5    90.0    17% | a:105.5  (ETA 62s)
[45/51] 8_c1_nn.jpg       1    1 |     0.4     0.6    33% | f:0.4  (ETA 53s)
[46/51] 8_c2_nn.jpg       1    1 |     0.8     0.4   101% | f:0.8  (ETA 44s)
[47/51] 8_c3_nn.jpg       1    1 |     0.2     0.5    65% | f:0.2  (ETA 35s)
[48/51] 9_c1_nn.jpg       1    1 |     2.4     0.8   214% | f:2.4  (ETA 26s)
[49/51] 9_c2_nn.jpg       1    1 |     0.2     0.5    55% | f:0.2  (ETA 17s)
[50/51] 9_c3_nn.jpg       1    1 |     0.2     0.2    25% | f:0.2  (ETA 9s)
[51/51] 9_c4_nn.jpg       2    1 |    11.8     0.1 11712% | f:10.0 f:1.8  (ETA 0s)
------------------------------------------------------------------------------------------
Nº de feridas correto: 38/51 = 75%
Area erro abs: mediana 2.3 cm2 | medio 9.8 cm2
Area erro rel: mediana 60% | medio 367%
Imagens com erro<=25%: 20% | <=40%: 39%
CSV: C:\Users\Thiago\Documents\MATLAB\trab_final\saidas\validar_feridas.csv
